// Jest Snapshot v1, https://goo.gl/fbAQLP

exports[`<Main /> should be render the component 1`] = `
<h1>
  Hello world
</h1>
`
